node:internal/modules/esm/resolve:275
    throw new ERR_MODULE_NOT_FOUND(
          ^
Error [ERR_MODULE_NOT_FOUND]: Cannot find module '/opt/render/project/models/Usuario.js' imported from /opt/render/project/src/validators/usuarioValidation.js
    at finalizeResolution (node:internal/modules/esm/resolve:275:11)
    at moduleResolve (node:internal/modules/esm/resolve:860:10)
    at defaultResolve (node:internal/modules/esm/resolve:984:11)
    at ModuleLoader.defaultResolve (node:internal/modules/esm/loader:780:12)
    at #cachedDefaultResolve (node:internal/modules/esm/loader:704:25)
    at ModuleLoader.resolve (node:internal/modules/esm/loader:687:38)
    at ModuleLoader.getModuleJobForImport (node:internal/modules/esm/loader:305:38)
    at ModuleJob._link (node:internal/modules/esm/module_job:137:49) {
  code: 'ERR_MODULE_NOT_FOUND',
  url: 'file:///opt/render/project/models/Usuario.js'
}
Node.js v22.16.0